[0.010s] Invoking command in '/home/ubuntu/ros2_ws/build/my_robot_bringup': /usr/bin/cmake --build /home/ubuntu/ros2_ws/build/my_robot_bringup -- -j16 -l16
[0.030s] -- Found ament_cmake: 1.3.11 (/opt/ros/humble/share/ament_cmake/cmake)
[0.129s] -- Found ament_lint_auto: 0.12.12 (/opt/ros/humble/share/ament_lint_auto/cmake)
[0.168s] Error parsing '/home/ubuntu/ros2_ws/src/my_robot_bringup/package.xml':
[0.168s] Traceback (most recent call last):
[0.168s]   File "/usr/lib/python3/dist-packages/catkin_pkg/package.py", line 610, in parse_package_string
[0.168s]     root = dom.parseString(data)
[0.168s]   File "/usr/lib/python3.10/xml/dom/minidom.py", line 2000, in parseString
[0.168s]     return expatbuilder.parseString(string)
[0.168s]   File "/usr/lib/python3.10/xml/dom/expatbuilder.py", line 925, in parseString
[0.168s]     return builder.parseString(string)
[0.168s]   File "/usr/lib/python3.10/xml/dom/expatbuilder.py", line 223, in parseString
[0.168s]     parser.Parse(string, True)
[0.169s] xml.parsers.expat.ExpatError: junk after document element: line 19, column 0
[0.169s] 
[0.169s] During handling of the above exception, another exception occurred:
[0.169s] 
[0.169s] Traceback (most recent call last):
[0.169s]   File "/opt/ros/humble/share/ament_cmake_core/cmake/core/package_xml_2_cmake.py", line 150, in <module>
[0.169s]     main()
[0.169s]   File "/opt/ros/humble/share/ament_cmake_core/cmake/core/package_xml_2_cmake.py", line 53, in main
[0.169s]     raise e
[0.169s]   File "/opt/ros/humble/share/ament_cmake_core/cmake/core/package_xml_2_cmake.py", line 49, in main
[0.169s]     package = parse_package_string(
[0.169s]   File "/usr/lib/python3/dist-packages/catkin_pkg/package.py", line 612, in parse_package_string
[0.169s]     raise InvalidPackage('The manifest contains invalid XML:\n%s' % ex, filename)
[0.169s] catkin_pkg.package.InvalidPackage: Error(s) in package '/home/ubuntu/ros2_ws/src/my_robot_bringup/package.xml':
[0.169s] The manifest contains invalid XML:
[0.169s] junk after document element: line 19, column 0
[0.172s] [31mCMake Error at /opt/ros/humble/share/ament_cmake_core/cmake/core/ament_package_xml.cmake:95 (message):
[0.172s]   execute_process(/usr/bin/python3
[0.172s]   /opt/ros/humble/share/ament_cmake_core/cmake/core/package_xml_2_cmake.py
[0.172s]   /home/ubuntu/ros2_ws/src/my_robot_bringup/package.xml
[0.172s]   /home/ubuntu/ros2_ws/build/my_robot_bringup/ament_cmake_core/package.cmake)
[0.172s]   returned error code 1
[0.172s] Call Stack (most recent call first):
[0.172s]   /opt/ros/humble/share/ament_cmake_core/cmake/core/ament_package_xml.cmake:49 (_ament_package_xml)
[0.172s]   /opt/ros/humble/share/ament_lint_auto/cmake/ament_lint_auto_find_test_dependencies.cmake:31 (ament_package_xml)
[0.172s]   CMakeLists.txt:23 (ament_lint_auto_find_test_dependencies)
[0.172s] 
[0.172s] [0m
[0.172s] -- Configuring incomplete, errors occurred!
[0.173s] See also "/home/ubuntu/ros2_ws/build/my_robot_bringup/CMakeFiles/CMakeOutput.log".
[0.174s] gmake: *** [Makefile:226: cmake_check_build_system] Error 1
[0.177s] Invoked command in '/home/ubuntu/ros2_ws/build/my_robot_bringup' returned '2': /usr/bin/cmake --build /home/ubuntu/ros2_ws/build/my_robot_bringup -- -j16 -l16
