[0.000000] (-) TimerEvent: {}
[0.000232] (-) JobUnselected: {'identifier': 'examples_rclcpp_async_client'}
[0.000305] (-) JobUnselected: {'identifier': 'examples_rclcpp_cbg_executor'}
[0.000484] (-) JobUnselected: {'identifier': 'examples_rclcpp_minimal_action_client'}
[0.000502] (-) JobUnselected: {'identifier': 'examples_rclcpp_minimal_action_server'}
[0.000519] (-) JobUnselected: {'identifier': 'examples_rclcpp_minimal_client'}
[0.000537] (-) JobUnselected: {'identifier': 'examples_rclcpp_minimal_composition'}
[0.000579] (-) JobUnselected: {'identifier': 'examples_rclcpp_minimal_publisher'}
[0.000596] (-) JobUnselected: {'identifier': 'examples_rclcpp_minimal_service'}
[0.000611] (-) JobUnselected: {'identifier': 'examples_rclcpp_minimal_subscriber'}
[0.000660] (-) JobUnselected: {'identifier': 'examples_rclcpp_minimal_timer'}
[0.000764] (-) JobUnselected: {'identifier': 'examples_rclcpp_multithreaded_executor'}
[0.000804] (-) JobUnselected: {'identifier': 'examples_rclcpp_wait_set'}
[0.000867] (-) JobUnselected: {'identifier': 'examples_rclpy_executors'}
[0.000970] (-) JobUnselected: {'identifier': 'examples_rclpy_guard_conditions'}
[0.001008] (-) JobUnselected: {'identifier': 'examples_rclpy_minimal_action_client'}
[0.001057] (-) JobUnselected: {'identifier': 'examples_rclpy_minimal_action_server'}
[0.001086] (-) JobUnselected: {'identifier': 'examples_rclpy_minimal_client'}
[0.001105] (-) JobUnselected: {'identifier': 'examples_rclpy_minimal_publisher'}
[0.001122] (-) JobUnselected: {'identifier': 'examples_rclpy_minimal_service'}
[0.001150] (-) JobUnselected: {'identifier': 'examples_rclpy_minimal_subscriber'}
[0.001198] (-) JobUnselected: {'identifier': 'examples_rclpy_pointcloud_publisher'}
[0.001215] (-) JobUnselected: {'identifier': 'launch_testing_examples'}
[0.001231] (-) JobUnselected: {'identifier': 'turtlesim'}
[0.001249] (my_robot_bringup) JobQueued: {'identifier': 'my_robot_bringup', 'dependencies': OrderedDict()}
[0.001348] (my_robot_bringup) JobStarted: {'identifier': 'my_robot_bringup'}
[0.008780] (my_robot_bringup) JobProgress: {'identifier': 'my_robot_bringup', 'progress': 'cmake'}
[0.009057] (my_robot_bringup) JobProgress: {'identifier': 'my_robot_bringup', 'progress': 'build'}
[0.009573] (my_robot_bringup) Command: {'cmd': ['/usr/bin/cmake', '--build', '/home/ubuntu/ros2_ws/build/my_robot_bringup', '--', '-j16', '-l16'], 'cwd': '/home/ubuntu/ros2_ws/build/my_robot_bringup', 'env': OrderedDict([('HOSTNAME', 'yuzi-desktop'), ('GIT_ASKPASS', '/home/ubuntu/.vscode-server/bin/4949701c880d4bdb949e3c0e6b400288da7f474b/extensions/git/dist/askpass.sh'), ('SHLVL', '2'), ('LD_LIBRARY_PATH', '/home/ubuntu/ros2_ws/install/turtlesim/lib:/home/ubuntu/ros2_ws/install/examples_rclcpp_wait_set/lib:/home/ubuntu/ros2_ws/install/examples_rclcpp_minimal_subscriber/lib:/home/ubuntu/ros2_ws/install/examples_rclcpp_minimal_composition/lib:/usr/lib/x86_64-linux-gnu/gazebo-11/plugins:/opt/ros/humble/opt/rviz_ogre_vendor/lib:/opt/ros/humble/lib/x86_64-linux-gnu:/opt/ros/humble/lib:/usr/local/cuda/lib64:/usr/lib/x86_64-linux-gnu:'), ('BROWSER', '/home/ubuntu/.vscode-server/bin/4949701c880d4bdb949e3c0e6b400288da7f474b/bin/helpers/browser.sh'), ('HOME', '/home/ubuntu'), ('OLDPWD', '/home/ubuntu/ros2_ws/src'), ('TERM_PROGRAM_VERSION', '1.99.2'), ('VSCODE_IPC_HOOK_CLI', '/tmp/vscode-ipc-25d65903-a08c-45d8-b5ca-7a27dde8c3ef.sock'), ('ROS_PYTHON_VERSION', '3'), ('VSCODE_GIT_ASKPASS_MAIN', '/home/ubuntu/.vscode-server/bin/4949701c880d4bdb949e3c0e6b400288da7f474b/extensions/git/dist/askpass-main.js'), ('VSCODE_GIT_ASKPASS_NODE', '/home/ubuntu/.vscode-server/bin/4949701c880d4bdb949e3c0e6b400288da7f474b/node'), ('COLORTERM', 'truecolor'), ('REMOTE_CONTAINERS', 'true'), ('COLCON_PREFIX_PATH', '/home/ubuntu/ros2_ws/install'), ('ROS_DISTRO', 'humble'), ('REMOTE_CONTAINERS_IPC', '/tmp/vscode-remote-containers-ipc-d8f861a2-8504-44a5-9de5-5a7a10038b0c.sock'), ('NVIDIA_REQUIRE_CUDA', 'cuda>=11.3'), ('_', '/usr/bin/colcon'), ('ROS_VERSION', '2'), ('NVIDIA_DRIVER_CAPABILITIES', 'all'), ('TERM', 'xterm-256color'), ('ROS_LOCALHOST_ONLY', '0'), ('QT_X11_NO_MITSHM', '1'), ('PATH', '/home/ubuntu/.vscode-server/bin/4949701c880d4bdb949e3c0e6b400288da7f474b/bin/remote-cli:/home/ubuntu/.local/bin:/opt/ros/humble/bin:/usr/local/cuda/bin:/usr/local/sbin:/usr/local/bin:/usr/sbin:/usr/bin:/sbin:/bin:/home/ubuntu/.vscode-server/data/User/globalStorage/github.copilot-chat/debugCommand'), ('REMOTE_CONTAINERS_SOCKETS', '["/tmp/vscode-ssh-auth-d8f861a2-8504-44a5-9de5-5a7a10038b0c.sock","/home/ubuntu/.gnupg/S.gpg-agent"]'), ('DISPLAY', ':1'), ('LANG', 'C.UTF-8'), ('LS_COLORS', 'rs=0:di=01;34:ln=01;36:mh=00:pi=40;33:so=01;35:do=01;35:bd=40;33;01:cd=40;33;01:or=40;31;01:mi=00:su=37;41:sg=30;43:ca=30;41:tw=30;42:ow=34;42:st=37;44:ex=01;32:*.tar=01;31:*.tgz=01;31:*.arc=01;31:*.arj=01;31:*.taz=01;31:*.lha=01;31:*.lz4=01;31:*.lzh=01;31:*.lzma=01;31:*.tlz=01;31:*.txz=01;31:*.tzo=01;31:*.t7z=01;31:*.zip=01;31:*.z=01;31:*.dz=01;31:*.gz=01;31:*.lrz=01;31:*.lz=01;31:*.lzo=01;31:*.xz=01;31:*.zst=01;31:*.tzst=01;31:*.bz2=01;31:*.bz=01;31:*.tbz=01;31:*.tbz2=01;31:*.tz=01;31:*.deb=01;31:*.rpm=01;31:*.jar=01;31:*.war=01;31:*.ear=01;31:*.sar=01;31:*.rar=01;31:*.alz=01;31:*.ace=01;31:*.zoo=01;31:*.cpio=01;31:*.7z=01;31:*.rz=01;31:*.cab=01;31:*.wim=01;31:*.swm=01;31:*.dwm=01;31:*.esd=01;31:*.jpg=01;35:*.jpeg=01;35:*.mjpg=01;35:*.mjpeg=01;35:*.gif=01;35:*.bmp=01;35:*.pbm=01;35:*.pgm=01;35:*.ppm=01;35:*.tga=01;35:*.xbm=01;35:*.xpm=01;35:*.tif=01;35:*.tiff=01;35:*.png=01;35:*.svg=01;35:*.svgz=01;35:*.mng=01;35:*.pcx=01;35:*.mov=01;35:*.mpg=01;35:*.mpeg=01;35:*.m2v=01;35:*.mkv=01;35:*.webm=01;35:*.webp=01;35:*.ogm=01;35:*.mp4=01;35:*.m4v=01;35:*.mp4v=01;35:*.vob=01;35:*.qt=01;35:*.nuv=01;35:*.wmv=01;35:*.asf=01;35:*.rm=01;35:*.rmvb=01;35:*.flc=01;35:*.avi=01;35:*.fli=01;35:*.flv=01;35:*.gl=01;35:*.dl=01;35:*.xcf=01;35:*.xwd=01;35:*.yuv=01;35:*.cgm=01;35:*.emf=01;35:*.ogv=01;35:*.ogx=01;35:*.aac=00;36:*.au=00;36:*.flac=00;36:*.m4a=00;36:*.mid=00;36:*.midi=00;36:*.mka=00;36:*.mp3=00;36:*.mpc=00;36:*.ogg=00;36:*.ra=00;36:*.wav=00;36:*.oga=00;36:*.opus=00;36:*.spx=00;36:*.xspf=00;36:'), ('VSCODE_GIT_IPC_HANDLE', '/tmp/vscode-git-8eed7039aa.sock'), ('TERM_PROGRAM', 'vscode'), ('SSH_AUTH_SOCK', '/tmp/vscode-ssh-auth-d8f861a2-8504-44a5-9de5-5a7a10038b0c.sock'), ('AMENT_PREFIX_PATH', '/home/ubuntu/ros2_ws/install/my_robot_bringup:/home/ubuntu/ros2_ws/install/turtlesim:/home/ubuntu/ros2_ws/install/launch_testing_examples:/home/ubuntu/ros2_ws/install/examples_rclpy_pointcloud_publisher:/home/ubuntu/ros2_ws/install/examples_rclpy_minimal_subscriber:/home/ubuntu/ros2_ws/install/examples_rclpy_minimal_service:/home/ubuntu/ros2_ws/install/examples_rclpy_minimal_publisher:/home/ubuntu/ros2_ws/install/examples_rclpy_minimal_client:/home/ubuntu/ros2_ws/install/examples_rclpy_minimal_action_server:/home/ubuntu/ros2_ws/install/examples_rclpy_minimal_action_client:/home/ubuntu/ros2_ws/install/examples_rclpy_guard_conditions:/home/ubuntu/ros2_ws/install/examples_rclpy_executors:/home/ubuntu/ros2_ws/install/examples_rclcpp_wait_set:/home/ubuntu/ros2_ws/install/examples_rclcpp_multithreaded_executor:/home/ubuntu/ros2_ws/install/examples_rclcpp_minimal_timer:/home/ubuntu/ros2_ws/install/examples_rclcpp_minimal_subscriber:/home/ubuntu/ros2_ws/install/examples_rclcpp_minimal_service:/home/ubuntu/ros2_ws/install/examples_rclcpp_minimal_publisher:/home/ubuntu/ros2_ws/install/examples_rclcpp_minimal_composition:/home/ubuntu/ros2_ws/install/examples_rclcpp_minimal_client:/home/ubuntu/ros2_ws/install/examples_rclcpp_minimal_action_server:/home/ubuntu/ros2_ws/install/examples_rclcpp_minimal_action_client:/home/ubuntu/ros2_ws/install/examples_rclcpp_cbg_executor:/home/ubuntu/ros2_ws/install/examples_rclcpp_async_client:/opt/ros/humble'), ('DEBIAN_FRONTEND', 'noninteractive'), ('SHELL', '/bin/bash'), ('VSCODE_GIT_ASKPASS_EXTRA_ARGS', ''), ('PWD', '/home/ubuntu/ros2_ws/build/my_robot_bringup'), ('TURTLEBOT3_MODEL', 'burger'), ('LC_ALL', 'C.UTF-8'), ('PYTHONPATH', '/home/ubuntu/ros2_ws/install/turtlesim/local/lib/python3.10/dist-packages:/home/ubuntu/ros2_ws/build/launch_testing_examples:/home/ubuntu/ros2_ws/install/launch_testing_examples/lib/python3.10/site-packages:/home/ubuntu/ros2_ws/build/examples_rclpy_pointcloud_publisher:/home/ubuntu/ros2_ws/install/examples_rclpy_pointcloud_publisher/lib/python3.10/site-packages:/home/ubuntu/ros2_ws/build/examples_rclpy_minimal_subscriber:/home/ubuntu/ros2_ws/install/examples_rclpy_minimal_subscriber/lib/python3.10/site-packages:/home/ubuntu/ros2_ws/build/examples_rclpy_minimal_service:/home/ubuntu/ros2_ws/install/examples_rclpy_minimal_service/lib/python3.10/site-packages:/home/ubuntu/ros2_ws/build/examples_rclpy_minimal_publisher:/home/ubuntu/ros2_ws/install/examples_rclpy_minimal_publisher/lib/python3.10/site-packages:/home/ubuntu/ros2_ws/build/examples_rclpy_minimal_client:/home/ubuntu/ros2_ws/install/examples_rclpy_minimal_client/lib/python3.10/site-packages:/home/ubuntu/ros2_ws/build/examples_rclpy_minimal_action_server:/home/ubuntu/ros2_ws/install/examples_rclpy_minimal_action_server/lib/python3.10/site-packages:/home/ubuntu/ros2_ws/build/examples_rclpy_minimal_action_client:/home/ubuntu/ros2_ws/install/examples_rclpy_minimal_action_client/lib/python3.10/site-packages:/home/ubuntu/ros2_ws/build/examples_rclpy_guard_conditions:/home/ubuntu/ros2_ws/install/examples_rclpy_guard_conditions/lib/python3.10/site-packages:/home/ubuntu/ros2_ws/build/examples_rclpy_executors:/home/ubuntu/ros2_ws/install/examples_rclpy_executors/lib/python3.10/site-packages:/opt/ros/humble/lib/python3.10/site-packages:/opt/ros/humble/local/lib/python3.10/dist-packages'), ('NVIDIA_VISIBLE_DEVICES', 'all'), ('COLCON', '1'), ('CMAKE_PREFIX_PATH', '/home/ubuntu/ros2_ws/install/my_robot_bringup:/home/ubuntu/ros2_ws/install/turtlesim:/home/ubuntu/ros2_ws/install/examples_rclcpp_wait_set:/home/ubuntu/ros2_ws/install/examples_rclcpp_multithreaded_executor:/home/ubuntu/ros2_ws/install/examples_rclcpp_minimal_timer:/home/ubuntu/ros2_ws/install/examples_rclcpp_minimal_subscriber:/home/ubuntu/ros2_ws/install/examples_rclcpp_minimal_service:/home/ubuntu/ros2_ws/install/examples_rclcpp_minimal_publisher:/home/ubuntu/ros2_ws/install/examples_rclcpp_minimal_composition:/home/ubuntu/ros2_ws/install/examples_rclcpp_minimal_client:/home/ubuntu/ros2_ws/install/examples_rclcpp_minimal_action_server:/home/ubuntu/ros2_ws/install/examples_rclcpp_minimal_action_client:/home/ubuntu/ros2_ws/install/examples_rclcpp_cbg_executor:/home/ubuntu/ros2_ws/install/examples_rclcpp_async_client')]), 'shell': False}
[0.031232] (my_robot_bringup) StdoutLine: {'line': b'-- Found ament_cmake: 1.3.11 (/opt/ros/humble/share/ament_cmake/cmake)\n'}
[0.099902] (-) TimerEvent: {}
[0.130665] (my_robot_bringup) StdoutLine: {'line': b'-- Found ament_lint_auto: 0.12.12 (/opt/ros/humble/share/ament_lint_auto/cmake)\n'}
[0.169029] (my_robot_bringup) StderrLine: {'line': b"Error parsing '/home/ubuntu/ros2_ws/src/my_robot_bringup/package.xml':\n"}
[0.169171] (my_robot_bringup) StderrLine: {'line': b'Traceback (most recent call last):\n'}
[0.169294] (my_robot_bringup) StderrLine: {'line': b'  File "/usr/lib/python3/dist-packages/catkin_pkg/package.py", line 610, in parse_package_string\n'}
[0.169426] (my_robot_bringup) StderrLine: {'line': b'    root = dom.parseString(data)\n'}
[0.169509] (my_robot_bringup) StderrLine: {'line': b'  File "/usr/lib/python3.10/xml/dom/minidom.py", line 2000, in parseString\n'}
[0.169564] (my_robot_bringup) StderrLine: {'line': b'    return expatbuilder.parseString(string)\n'}
[0.169618] (my_robot_bringup) StderrLine: {'line': b'  File "/usr/lib/python3.10/xml/dom/expatbuilder.py", line 925, in parseString\n'}
[0.169672] (my_robot_bringup) StderrLine: {'line': b'    return builder.parseString(string)\n'}
[0.169725] (my_robot_bringup) StderrLine: {'line': b'  File "/usr/lib/python3.10/xml/dom/expatbuilder.py", line 223, in parseString\n'}
[0.169779] (my_robot_bringup) StderrLine: {'line': b'    parser.Parse(string, True)\n'}
[0.169832] (my_robot_bringup) StderrLine: {'line': b'xml.parsers.expat.ExpatError: junk after document element: line 19, column 0\n'}
[0.169894] (my_robot_bringup) StderrLine: {'line': b'\n'}
[0.169949] (my_robot_bringup) StderrLine: {'line': b'During handling of the above exception, another exception occurred:\n'}
[0.170010] (my_robot_bringup) StderrLine: {'line': b'\n'}
[0.170064] (my_robot_bringup) StderrLine: {'line': b'Traceback (most recent call last):\n'}
[0.170116] (my_robot_bringup) StderrLine: {'line': b'  File "/opt/ros/humble/share/ament_cmake_core/cmake/core/package_xml_2_cmake.py", line 150, in <module>\n'}
[0.170166] (my_robot_bringup) StderrLine: {'line': b'    main()\n'}
[0.170204] (my_robot_bringup) StderrLine: {'line': b'  File "/opt/ros/humble/share/ament_cmake_core/cmake/core/package_xml_2_cmake.py", line 53, in main\n'}
[0.170242] (my_robot_bringup) StderrLine: {'line': b'    raise e\n'}
[0.170280] (my_robot_bringup) StderrLine: {'line': b'  File "/opt/ros/humble/share/ament_cmake_core/cmake/core/package_xml_2_cmake.py", line 49, in main\n'}
[0.170318] (my_robot_bringup) StderrLine: {'line': b'    package = parse_package_string(\n'}
[0.170356] (my_robot_bringup) StderrLine: {'line': b'  File "/usr/lib/python3/dist-packages/catkin_pkg/package.py", line 612, in parse_package_string\n'}
[0.170394] (my_robot_bringup) StderrLine: {'line': b"    raise InvalidPackage('The manifest contains invalid XML:\\n%s' % ex, filename)\n"}
[0.170432] (my_robot_bringup) StderrLine: {'line': b"catkin_pkg.package.InvalidPackage: Error(s) in package '/home/ubuntu/ros2_ws/src/my_robot_bringup/package.xml':\n"}
[0.170471] (my_robot_bringup) StderrLine: {'line': b'The manifest contains invalid XML:\n'}
[0.170510] (my_robot_bringup) StderrLine: {'line': b'junk after document element: line 19, column 0\n'}
[0.173293] (my_robot_bringup) StderrLine: {'line': b'\x1b[31mCMake Error at /opt/ros/humble/share/ament_cmake_core/cmake/core/ament_package_xml.cmake:95 (message):\n'}
[0.173354] (my_robot_bringup) StderrLine: {'line': b'  execute_process(/usr/bin/python3\n'}
[0.173421] (my_robot_bringup) StderrLine: {'line': b'  /opt/ros/humble/share/ament_cmake_core/cmake/core/package_xml_2_cmake.py\n'}
[0.173465] (my_robot_bringup) StderrLine: {'line': b'  /home/ubuntu/ros2_ws/src/my_robot_bringup/package.xml\n'}
[0.173505] (my_robot_bringup) StderrLine: {'line': b'  /home/ubuntu/ros2_ws/build/my_robot_bringup/ament_cmake_core/package.cmake)\n'}
[0.173544] (my_robot_bringup) StderrLine: {'line': b'  returned error code 1\n'}
[0.173582] (my_robot_bringup) StderrLine: {'line': b'Call Stack (most recent call first):\n'}
[0.173620] (my_robot_bringup) StderrLine: {'line': b'  /opt/ros/humble/share/ament_cmake_core/cmake/core/ament_package_xml.cmake:49 (_ament_package_xml)\n'}
[0.173658] (my_robot_bringup) StderrLine: {'line': b'  /opt/ros/humble/share/ament_lint_auto/cmake/ament_lint_auto_find_test_dependencies.cmake:31 (ament_package_xml)\n'}
[0.173696] (my_robot_bringup) StderrLine: {'line': b'  CMakeLists.txt:23 (ament_lint_auto_find_test_dependencies)\n'}
[0.173734] (my_robot_bringup) StderrLine: {'line': b'\n'}
[0.173772] (my_robot_bringup) StderrLine: {'line': b'\x1b[0m\n'}
[0.173811] (my_robot_bringup) StdoutLine: {'line': b'-- Configuring incomplete, errors occurred!\n'}
[0.173852] (my_robot_bringup) StdoutLine: {'line': b'See also "/home/ubuntu/ros2_ws/build/my_robot_bringup/CMakeFiles/CMakeOutput.log".\n'}
[0.175806] (my_robot_bringup) StderrLine: {'line': b'gmake: *** [Makefile:226: cmake_check_build_system] Error 1\n'}
[0.177915] (my_robot_bringup) CommandEnded: {'returncode': 2}
[0.178097] (my_robot_bringup) JobEnded: {'identifier': 'my_robot_bringup', 'rc': 2}
[0.188200] (-) EventReactorShutdown: {}
